// Jest Snapshot v1, https://goo.gl/fbAQLP

exports[`Demo of hook Snapshots  1`] = `
<div>
  <div>
    <h1>
      Demo
    </h1>
    <h2>
      Posts
    </h2>
    0
  </div>
</div>
`;
